2025-08-06 11:31:53 INFO This is a very recent log entry that should be highlighted
2025-08-06 11:29:00 WARN This is an older log entry from 2 minutes ago
2025-08-06 11:31:53 ERROR This is another recent error within 1 minute
